Flutter crash report.
Please report a bug at https://github.com/flutter/flutter/issues.

## command

flutter run -d chrome

## exception

ShaderCompilerException: ShaderCompilerException: Shader compilation of "C:\flutter\packages\flutter\lib\src\material\shaders\stretch_effect.frag" to "build\flutter_assets\shaders/stretch_effect.frag" failed with exit code -1073740791.
impellerc stdout:

impellerc stderr:




```
#0      ShaderCompiler.compileShader (package:flutter_tools/src/build_system/tools/shader_compiler.dart:196:9)
<asynchronous suspension>
#1      writeBundle.<anonymous closure> (package:flutter_tools/src/bundle_builder.dart:208:25)
<asynchronous suspension>
#2      Future.wait.<anonymous closure> (dart:async/future.dart:546:21)
<asynchronous suspension>
#3      writeBundle (package:flutter_tools/src/bundle_builder.dart:171:3)
<asynchronous suspension>
#4      WebDevFS.update (package:flutter_tools/src/isolated/devfs_web.dart:342:9)
<asynchronous suspension>
#5      ResidentWebRunner._updateDevFS (package:flutter_tools/src/isolated/resident_web_runner.dart:801:35)
<asynchronous suspension>
#6      ResidentWebRunner.run.<anonymous closure> (package:flutter_tools/src/isolated/resident_web_runner.dart:334:41)
<asynchronous suspension>
#7      asyncGuard.<anonymous closure> (package:flutter_tools/src/base/async_guard.dart:108:24)
<asynchronous suspension>
```

## flutter doctor

```
[32m[✓][39m Flutter (Channel stable, 3.41.4, on Microsoft Windows [version 10.0.22000.2538],
    locale fr-FR) [675ms]
    [32m•[39m Flutter version 3.41.4 on channel stable at C:\flutter
    [32m•[39m Upstream repository https://github.com/flutter/flutter.git
    [32m•[39m Framework revision ff37bef603 (6 weeks ago), 2026-03-03 16:03:22 -0800
    [32m•[39m Engine revision e4b8dca3f1
    [32m•[39m Dart version 3.11.1
    [32m•[39m DevTools version 2.54.1
    [32m•[39m Feature flags: enable-web, enable-linux-desktop, enable-macos-desktop,
      enable-windows-desktop, enable-android, enable-ios, cli-animations,
      enable-native-assets, omit-legacy-version-file, enable-lldb-debugging,
      enable-uiscene-migration

[32m[✓][39m Windows Version (11 Professionnel 64 bits, 21H2, 2009) [3,7s]

[33m[!][39m Android toolchain - develop for Android devices (Android SDK version 36.1.0) [662ms]
    [32m•[39m Android SDK at C:\Users\CRISTAL\AppData\Local\Android\sdk
    [32m•[39m Emulator version 36.4.10.0 (build_id 15004761) (CL:N/A)
    [31m✗[39m cmdline-tools component is missing.
      Try installing or updating Android Studio.
      Alternatively, download the tools from
      https://developer.android.com/studio#command-line-tools-only and make sure to set
      the ANDROID_HOME environment variable.
      See https://developer.android.com/studio/command-line for more details.
    [31m✗[39m Android license status unknown.
      Run `flutter doctor --android-licenses` to accept the SDK licenses.
      See https://flutter.dev/to/windows-android-setup for more details.

[32m[✓][39m Chrome - develop for the web [18ms]
    [32m•[39m Chrome at C:\Users\CRISTAL\AppData\Local\Google\Chrome\Application\chrome.exe

[31m[✗][39m Visual Studio - develop Windows apps [16ms]
    [31m✗[39m Visual Studio not installed; this is necessary to develop Windows apps.
      Download at https://visualstudio.microsoft.com/downloads/.
      Please install the "Desktop development with C++" workload, including all of its
      default components

[32m[✓][39m Connected device (4 available) [585ms]
    [32m•[39m sdk gphone64 x86 64 (mobile) • emulator-5554 • android-x64    • Android 16 (API 36)
      (emulator)
    [32m•[39m Windows (desktop)            • windows       • windows-x64    • Microsoft Windows
      [version 10.0.22000.2538]
    [32m•[39m Chrome (web)                 • chrome        • web-javascript • Google Chrome
      122.0.6261.70
    [32m•[39m Edge (web)                   • edge          • web-javascript • Microsoft Edge
      147.0.3912.60

[32m[✓][39m Network resources [421ms]
    [32m•[39m All expected network resources are available.

[33m![39m Doctor found issues in 2 categories.
```
